
╔════════════════════════════════════════════════════════════════════════════╗
║                 RESTAURANT API - COMPREHENSIVE TEST REPORT                 ║
║                         April 15, 2026                                     ║
╚════════════════════════════════════════════════════════════════════════════╝

━━━━━━━━━━━━━━━━━━━━━━━━━━━━━━━━━━━━━━━━━━━━━━━━━━━━━━━━━━━━━━━━━━━━━━━━━━━━
✅ BACKEND API TESTS - ALL PASSED
━━━━━━━━━━━━━━━━━━━━━━━━━━━━━━━━━━━━━━━━━━━━━━━━━━━━━━━━━━━━━━━━━━━━━━━━━━━━

✓ Authentication
  - Login endpoint: WORKING
  - Token generation: WORKING
  - Token structure: Verified

✓ Analytics Endpoints
  - /admin/analytics/revenue: 200 OK
  - /admin/best-selling-products: 200 OK  
  - /admin/performance-metrics: 200 OK
  - /admin/system-activity: 200 OK

✓ Reporting Endpoints
  - /admin/reports/sales: 200 OK
  - /admin/trends: 200 OK
  - /admin/profit-margins: 200 OK

✓ Settings Endpoints
  - /admin/settings (GET): 200 OK
  - /admin/settings (PUT): Ready for testing

✓ Additional Endpoints
  - /admin/stats: 200 OK

━━━━━━━━━━━━━━━━━━━━━━━━━━━━━━━━━━━━━━━━━━━━━━━━━━━━━━━━━━━━━━━━━━━━━━━━━━━━
🔒 ADMIN RESTRICTIONS - ALL PASSED
━━━━━━━━━━━━━━━━━━━━━━━━━━━━━━━━━━━━━━━━━━━━━━━━━━━━━━━━━━━━━━━━━━━━━━━━━━━━

✓ Cannot change admin role
  Status: 422 (Properly rejected)
  Message: 'Cannot change the role of an admin user. Admin can only change name, email, and password.'

✓ Cannot delete admin user
  Status: 422 (Properly rejected)
  Message: 'You cannot delete yourself'

✓ Cannot create second admin
  Status: 422 (Properly rejected)
  Message: 'Only one admin can exist in the system'

✓ Only one admin exists
  Admin count: 1 (Verified)

━━━━━━━━━━━━━━━━━━━━━━━━━━━━━━━━━━━━━━━━━━━━━━━━━━━━━━━━━━━━━━━━━━━━━━━━━━━━
🎨 FRONTEND FILES - ALL VERIFIED
━━━━━━━━━━━━━━━━━━━━━━━━━━━━━━━━━━━━━━━━━━━━━━━━━━━━━━━━━━━━━━━━━━━━━━━━━━━━

✓ Analytics.jsx (181 lines)
✓ Reports.jsx (233 lines)  
✓ SystemSettings.jsx (222 lines)
✓ AlertDialog.jsx (89 lines)
✓ App.jsx (60 lines)
✓ Sidebar.jsx (100 lines)

━━━━━━━━━━━━━━━━━━━━━━━━━━━━━━━━━━━━━━━━━━━━━━━━━━━━━━━━━━━━━━━━━━━━━━━━━━━━
🌐 FRONTEND PAGE LOADS - ALL PASSED
━━━━━━━━━━━━━━━━━━━━━━━━━━━━━━━━━━━━━━━━━━━━━━━━━━━━━━━━━━━━━━━━━━━━━━━━━━━━

✓ Login Page: 200 OK
✓ Dashboard: 200 OK
✓ Products: 200 OK
✓ Orders: 200 OK
✓ Users: 200 OK
✓ Analytics NEW: 200 OK
✓ Reports NEW: 200 OK
✓ Settings: 200 OK

━━━━━━━━━━━━━━━━━━━━━━━━━━━━━━━━━━━━━━━━━━━━━━━━━━━━━━━━━━━━━━━━━━━━━━━━━━━━
📊 DATABASE STATUS
━━━━━━━━━━━━━━━━━━━━━━━━━━━━━━━━━━━━━━━━━━━━━━━━━━━━━━━━━━━━━━━━━━━━━━━━━━━━

Users: 1 (admin@restaurant.com - Admin role)
Products: 2 (Pizza, etc.)
Orders: 0 (No orders yet)
Ingredients: Available
Categories: Available
Low Stock Items: 0

━━━━━━━━━━━━━━━━━━━━━━━━━━━━━━━━━━━━━━━━━━━━━━━━━━━━━━━━━━━━━━━━━━━━━━━━━━━━

